#-----------------------------------------------------------
# Vivado v2023.2 (64-bit)
# SW Build 4029153 on Fri Oct 13 20:14:34 MDT 2023
# IP Build 4028589 on Sat Oct 14 00:45:43 MDT 2023
# SharedData Build 4025554 on Tue Oct 10 17:18:54 MDT 2023
# Start of session at: Fri Jan 12 12:16:54 2024
# Process ID: 6104
# Current directory: D:/facultate/an2/ed/project_echipa2
# Command line: vivado.exe -gui_launcher_event rodinguilauncherevent10188 D:\facultate\an2\ed\project_echipa2\project_echipa2.xpr
# Log file: D:/facultate/an2/ed/project_echipa2/vivado.log
# Journal file: D:/facultate/an2/ed/project_echipa2\vivado.jou
# Running On: LAPTOP-2JJADS19, OS: Windows, CPU Frequency: 2595 MHz, CPU Physical cores: 4, Host memory: 6385 MB
#-----------------------------------------------------------
start_gui
open_project D:/facultate/an2/ed/project_echipa2/project_echipa2.xpr
update_compile_order -fileset sources_1
reset_run impl_1 -prev_step 
launch_runs impl_1 -to_step write_bitstream -jobs 2
wait_on_run impl_1
open_hw_manager
connect_hw_server -allow_non_jtag
open_hw_target
set_property PROGRAM.FILE {D:/facultate/an2/ed/project_echipa2/project_echipa2.runs/impl_1/medie.bit} [get_hw_devices xc7a35t_0]
current_hw_device [get_hw_devices xc7a35t_0]
refresh_hw_device -update_hw_probes false [lindex [get_hw_devices xc7a35t_0] 0]
set_property PROBES.FILE {} [get_hw_devices xc7a35t_0]
set_property FULL_PROBES.FILE {} [get_hw_devices xc7a35t_0]
set_property PROGRAM.FILE {D:/facultate/an2/ed/project_echipa2/project_echipa2.runs/impl_1/medie.bit} [get_hw_devices xc7a35t_0]
program_hw_devices [get_hw_devices xc7a35t_0]
refresh_hw_device [lindex [get_hw_devices xc7a35t_0] 0]
set_property PROBES.FILE {} [get_hw_devices xc7a35t_0]
set_property FULL_PROBES.FILE {} [get_hw_devices xc7a35t_0]
set_property PROGRAM.FILE {D:/facultate/an2/ed/project_echipa2/project_echipa2.runs/impl_1/medie.bit} [get_hw_devices xc7a35t_0]
program_hw_devices [get_hw_devices xc7a35t_0]
refresh_hw_device [lindex [get_hw_devices xc7a35t_0] 0]
